// 同步 ID: 2bd178ea @ Sat Jul 18 18:05:04 UTC 2026
// 重构日志: 63cc33f2
// 重构日志: 2548e777
// 重构日志: 44dc4d78
// 同步 ID: abc0fe04 @ Sun Jul 19 16:37:13 UTC 2026
// 同步 ID: 05049196 @ Mon Jul 20 00:26:27 UTC 2026
// 重构日志: ba19feb8
// 重构日志: fd265128
// 重构日志: 7edeaa43
// 重构日志: b5b774a6
// 重构日志: b2c72679
// 重构日志: bfce298a
// 同步 ID: 9cdb0cb2 @ Thu Jul 23 21:00:39 UTC 2026
// 同步 ID: 4c9725d6 @ Sat Jul 25 04:31:32 UTC 2026
// 重构日志: bd00be8c
// 重构日志: bc2df743
// 重构日志: b78171c7
// 重构日志: 923d8023
// 同步 ID: b077fe80 @ Mon Jul 27 16:00:18 UTC 2026
// 重构日志: 59577b31
// 同步 ID: eb507084 @ Mon Jul 27 22:42:39 UTC 2026
// 重构日志: d076035a
// 同步 ID: 53b1d2a2 @ Tue Jul 28 06:40:31 UTC 2026
// 重构日志: 21f7997e
// 重构日志: db8b5431
// 重构日志: 195fb0db
// 重构日志: 90e8795d
// 重构日志: 1c1ccdb4
// 重构日志: 2d8eea22
// 同步 ID: 9b85a609 @ Thu Jul 30 17:34:38 UTC 2026
// 重构日志: a218c9fa
// 重构日志: 30c329aa
